
> frontend@0.0.0 build
> vite build

[36mvite v5.4.21 [32mbuilding for production...[36m[39m
transforming...
[32mΓ£ô[39m 34 modules transformed.
node.exe : [31mx[39m Build failed in 
558ms
At C:\Program Files\nodejs\npm.ps1:29 
char:3
+   & $NODE_EXE $NPM_CLI_JS $args
+   ~~~~~~~~~~~~~~~~~~~~~~~~~~~~~
    + CategoryInfo          : NotSpecifie 
   d: ([31mx[39m Build failed in 558ms  
  :String) [], RemoteException
    + FullyQualifiedErrorId : NativeComma 
   ndError
 
[31merror during build:
[31mCould not resolve 
"../../context/AuthContext" from 
"src/layout/DashboardLayout.tsx"[31m
file: [36mD:/Programs/Projects/skill_mira
ge/frontend/src/layout/DashboardLayout.tsx
[31m
    at getRollupError (file:///D:/Programs
/Projects/skill_mirage/frontend/node_modul
es/rollup/dist/es/shared/parseAst.js:402:4
1)
    at error (file:///D:/Programs/Projects
/skill_mirage/frontend/node_modules/rollup
/dist/es/shared/parseAst.js:398:42)
    at 
ModuleLoader.handleInvalidResolvedId (file
:///D:/Programs/Projects/skill_mirage/fron
tend/node_modules/rollup/dist/es/shared/no
de-entry.js:21710:24)
    at file:///D:/Programs/Projects/skill_
mirage/frontend/node_modules/rollup/dist/e
s/shared/node-entry.js:21670:26[39m
